// Jest Snapshot v1, https://goo.gl/fbAQLP

exports[`Login component renders the UI as expected 1`] = `
Array [
  " ",
  <div
    className="gameview"
  />,
]
`;
